// Jest Snapshot v1, https://goo.gl/fbAQLP

exports[`Favorites should match the snapshot 1`] = `ShallowWrapper {}`;
